[astradaihatsukebumen.id/gama.html]
[backblue.gif]
[fade.gif]
[index.html]
[astradaihatsukebumen.id/admin/js/jquery.js]
[external.html]
[astradaihatsukebumen.id/gama.html]
[astradaihatsukebumen.id/admin/js/bootstrap.min.js]
[astradaihatsukebumen.id/admin/fonts/glyphicons-halflings-regular.eot]
[astradaihatsukebumen.id/admin/fonts/glyphicons-halflings-regulard41d.eot]
[astradaihatsukebumen.id/admin/fonts/glyphicons-halflings-regular.woff2]
[astradaihatsukebumen.id/admin/fonts/glyphicons-halflings-regular.woff]
[astradaihatsukebumen.id/admin/fonts/glyphicons-halflings-regular.ttf]
[astradaihatsukebumen.id/admin/css/bootstrap.min.css]
[astradaihatsukebumen.id/admin/fonts/fontawesome-webfont3295.eot]
[astradaihatsukebumen.id/admin/fonts/fontawesome-webfontd41d.eot]
[astradaihatsukebumen.id/admin/fonts/fontawesome-webfont3295.woff2]
[astradaihatsukebumen.id/admin/fonts/fontawesome-webfont3295.woff]
[astradaihatsukebumen.id/admin/fonts/fontawesome-webfont3295.ttf]
[astradaihatsukebumen.id/admin/fonts/fontawesome-webfont3295.svg]
[astradaihatsukebumen.id/admin/css/font-awesome.min.css]
[astradaihatsukebumen.id/admin/fonts/glyphicons-halflings-regular.svg]
[astradaihatsukebumen.id/admin/fonts/fontawesome-webfont3295.html]
[astradaihatsukebumen.id/admin/fonts/fontawesome-webfontd41d.html]
[astradaihatsukebumen.id/admin/fonts/fontawesome-webfont3295-2.html]
[astradaihatsukebumen.id/admin/fonts/fontawesome-webfont3295-3.html]
[astradaihatsukebumen.id/admin/fonts/fontawesome-webfont3295-4.html]
[astradaihatsukebumen.id/admin/fonts/fontawesome-webfont3295-5.html]
